java/lang/EnumConstantNotPresentException::EnumConstantNotPresentException(Ljava/lang/Class;Ljava/lang/String;)
java/lang/Math::random()
java/lang/Object::notify()
java/lang/Object::notifyAll()
java/lang/Object::toString()
java/lang/Object::wait()
java/lang/Object::wait(J)
java/lang/Object::wait(JI)
java/lang/RuntimeException::RuntimeException(Ljava/lang/String;Ljava/lang/Throwable;)
java/lang/RuntimeException::RuntimeException(Ljava/lang/Throwable;)
java/lang/RuntimeException::setStackTrace([Ljava/lang/StackTraceElement;)
java/lang/String::String([BIILjava/lang/String;)
java/lang/String::String([BLjava/lang/String;)
java/lang/String::format(Ljava/lang/String;[Ljava/lang/Object;)
java/lang/String::format(Ljava/util/Locale;Ljava/lang/String;[Ljava/lang/Object;)
java/lang/String::getBytes(Ljava/lang/String;)
java/lang/String::join(Ljava/lang/CharSequence;[Ljava/lang/CharSequence;)
java/lang/System::arraycopy(Ljava/lang/Object;ILjava/lang/Object;II)
java/lang/System::currentTimeMillis()
java/lang/System::exit(I)
java/lang/System::getProperties()
java/lang/System::getProperty(Ljava/lang/String;)
java/lang/System::getProperty(Ljava/lang/String;Ljava/lang/String;)
java/lang/System::getenv()
java/lang/System::getenv(Ljava/lang/String;)
java/lang/System::inheritedChannel()
java/lang/System::lineSeparator()
java/lang/System::load(Ljava/lang/String;)
java/lang/System::loadLibrary(Ljava/lang/String;)
java/lang/System::mapLibraryName(Ljava/lang/String;)
java/lang/System::nanoTime()
java/lang/System::clearProperty(Ljava/lang/String;)
java/lang/annotation/IncompleteAnnotationException::IncompleteAnnotationException(Ljava/lang/Class;Ljava/lang/String;)
java/util/AbstractSet::toString()
java/util/HashSet::toString()

java/lang/Byte::valueOf(Ljava/lang/String;)
java/lang/Byte::valueOf(Ljava/lang/String;I)
java/lang/Byte::parseByte(Ljava/lang/String;)
java/lang/Byte::parseByte(Ljava/lang/String;I)
java/lang/Short::valueOf(Ljava/lang/String;)
java/lang/Short::valueOf(Ljava/lang/String;I)
java/lang/Short::parseShort(Ljava/lang/String;)
java/lang/Short::parseShort(Ljava/lang/String;I)
java/lang/Integer::valueOf(Ljava/lang/String;)
java/lang/Integer::valueOf(Ljava/lang/String;I)
java/lang/Integer::parseInt(Ljava/lang/String;)
java/lang/Integer::parseInt(Ljava/lang/String;I)
java/lang/Integer::parseUnsignedInt(Ljava/lang/String;I)
java/lang/Integer::parseUnsignedInt(Ljava/lang/String;I)
java/lang/Long::valueOf(Ljava/lang/String;)
java/lang/Long::valueOf(Ljava/lang/String;I)
java/lang/Long::parseLong(Ljava/lang/String;)
java/lang/Long::parseLong(Ljava/lang/String;I)
java/lang/Long::parseUnsignedLong(Ljava/lang/String;)
java/lang/Long::parseUnsignedLong(Ljava/lang/String;I)
java/lang/Float::valueOf(Ljava/lang/String;)
java/lang/Float::parseFloat(Ljava/lang/String;)
java/lang/Double::valueOf(Ljava/lang/String;)
java/lang/Double::parseDouble(Ljava/lang/String;)

java/lang/Byte::decode(Ljava/lang/String;)
java/lang/Short::decode(Ljava/lang/String;)
java/lang/Integer::decode(Ljava/lang/String;)
java/lang/Long::decode(Ljava/lang/String;)

java/lang/Byte::Byte(Ljava/lang/String;)
java/lang/Short::Short(Ljava/lang/String;)
java/lang/Integer::Integer(Ljava/lang/String;)
java/lang/Long::Long(Ljava/lang/String;)
java/lang/Float::Float(Ljava/lang/String;)
java/lang/Double::Double(Ljava/lang/String;)

java/util/HashSet::HashSet(I)
java/util/HashSet::HashSet(IF)
java/util/HashSet::newHashSet(I)

java/lang/Character::toChars(I)
java/lang/Character::getName(I)
java/lang/Character::toString(I)

java/lang/Math::clamp(DDD)
